// Jest Snapshot v1, https://goo.gl/fbAQLP

exports[`Add review component Should render authenticated add review component 1`] = `
Array [
  <span
    data-rating="1"
    onClick={[Function]}
  >
    <svg
      fill="currentColor"
      height="1em"
      stroke="currentColor"
      strokeWidth="0"
      style={
        Object {
          "color": undefined,
        }
      }
      viewBox="0 0 576 512"
      width="1em"
      xmlns="http://www.w3.org/2000/svg"
    >
      <path
        d="M528.1 171.5L382 150.2 316.7 17.8c-11.7-23.6-45.6-23.9-57.4 0L194 150.2 47.9 171.5c-26.2 3.8-36.7 36.1-17.7 54.6l105.7 103-25 145.5c-4.5 26.3 23.2 46 46.4 33.7L288 439.6l130.7 68.7c23.2 12.2 50.9-7.4 46.4-33.7l-25-145.5 105.7-103c19-18.5 8.5-50.8-17.7-54.6zM388.6 312.3l23.7 138.4L288 385.4l-124.3 65.3 23.7-138.4-100.6-98 139-20.2 62.2-126 62.2 126 139 20.2-100.6 98z"
      />
    </svg>
  </span>,
  <span
    data-rating="2"
    onClick={[Function]}
  >
    <svg
      fill="currentColor"
      height="1em"
      stroke="currentColor"
      strokeWidth="0"
      style={
        Object {
          "color": undefined,
        }
      }
      viewBox="0 0 576 512"
      width="1em"
      xmlns="http://www.w3.org/2000/svg"
    >
      <path
        d="M528.1 171.5L382 150.2 316.7 17.8c-11.7-23.6-45.6-23.9-57.4 0L194 150.2 47.9 171.5c-26.2 3.8-36.7 36.1-17.7 54.6l105.7 103-25 145.5c-4.5 26.3 23.2 46 46.4 33.7L288 439.6l130.7 68.7c23.2 12.2 50.9-7.4 46.4-33.7l-25-145.5 105.7-103c19-18.5 8.5-50.8-17.7-54.6zM388.6 312.3l23.7 138.4L288 385.4l-124.3 65.3 23.7-138.4-100.6-98 139-20.2 62.2-126 62.2 126 139 20.2-100.6 98z"
      />
    </svg>
  </span>,
  <span
    data-rating="3"
    onClick={[Function]}
  >
    <svg
      fill="currentColor"
      height="1em"
      stroke="currentColor"
      strokeWidth="0"
      style={
        Object {
          "color": undefined,
        }
      }
      viewBox="0 0 576 512"
      width="1em"
      xmlns="http://www.w3.org/2000/svg"
    >
      <path
        d="M528.1 171.5L382 150.2 316.7 17.8c-11.7-23.6-45.6-23.9-57.4 0L194 150.2 47.9 171.5c-26.2 3.8-36.7 36.1-17.7 54.6l105.7 103-25 145.5c-4.5 26.3 23.2 46 46.4 33.7L288 439.6l130.7 68.7c23.2 12.2 50.9-7.4 46.4-33.7l-25-145.5 105.7-103c19-18.5 8.5-50.8-17.7-54.6zM388.6 312.3l23.7 138.4L288 385.4l-124.3 65.3 23.7-138.4-100.6-98 139-20.2 62.2-126 62.2 126 139 20.2-100.6 98z"
      />
    </svg>
  </span>,
  <span
    data-rating="4"
    onClick={[Function]}
  >
    <svg
      fill="currentColor"
      height="1em"
      stroke="currentColor"
      strokeWidth="0"
      style={
        Object {
          "color": undefined,
        }
      }
      viewBox="0 0 576 512"
      width="1em"
      xmlns="http://www.w3.org/2000/svg"
    >
      <path
        d="M528.1 171.5L382 150.2 316.7 17.8c-11.7-23.6-45.6-23.9-57.4 0L194 150.2 47.9 171.5c-26.2 3.8-36.7 36.1-17.7 54.6l105.7 103-25 145.5c-4.5 26.3 23.2 46 46.4 33.7L288 439.6l130.7 68.7c23.2 12.2 50.9-7.4 46.4-33.7l-25-145.5 105.7-103c19-18.5 8.5-50.8-17.7-54.6zM388.6 312.3l23.7 138.4L288 385.4l-124.3 65.3 23.7-138.4-100.6-98 139-20.2 62.2-126 62.2 126 139 20.2-100.6 98z"
      />
    </svg>
  </span>,
  <span
    data-rating="5"
    onClick={[Function]}
  >
    <svg
      fill="currentColor"
      height="1em"
      stroke="currentColor"
      strokeWidth="0"
      style={
        Object {
          "color": undefined,
        }
      }
      viewBox="0 0 576 512"
      width="1em"
      xmlns="http://www.w3.org/2000/svg"
    >
      <path
        d="M528.1 171.5L382 150.2 316.7 17.8c-11.7-23.6-45.6-23.9-57.4 0L194 150.2 47.9 171.5c-26.2 3.8-36.7 36.1-17.7 54.6l105.7 103-25 145.5c-4.5 26.3 23.2 46 46.4 33.7L288 439.6l130.7 68.7c23.2 12.2 50.9-7.4 46.4-33.7l-25-145.5 105.7-103c19-18.5 8.5-50.8-17.7-54.6zM388.6 312.3l23.7 138.4L288 385.4l-124.3 65.3 23.7-138.4-100.6-98 139-20.2 62.2-126 62.2 126 139 20.2-100.6 98z"
      />
    </svg>
  </span>,
  <div
    className="input-error-text"
  />,
  <form
    onSubmit={[Function]}
  >
    <div>
      <div>
        Comment: (Optional)
      </div>
      <textarea
        className="add-review-textarea"
        onChange={[Function]}
      />
    </div>
    <div>
      <button>
        Add review
      </button>
    </div>
  </form>,
  <br />,
  <h2>
    Reviews
  </h2>,
  <hr
    className="recipe-hr"
  />,
  <br />,
  <br />,
  <RecipeReviewsWrapper />,
]
`;

exports[`Add review component Should render unauthenticated add review component 1`] = `
Array [
  <div>
    <a
      href="/login"
      onClick={[Function]}
    >
      Log in
    </a>
     to write a review!
  </div>,
  <br />,
  <h2>
    Reviews
  </h2>,
  <hr
    className="recipe-hr"
  />,
  <br />,
  <br />,
  <RecipeReviewsWrapper />,
]
`;
